<?xml version="1.0" encoding="utf-8"?>
<testsuites>
    <testsuite name="pytest" errors="0" failures="0" skipped="0" tests="0" time="0.013"
               timestamp="2021-08-10T04:58:35.817258" hostname="prynstag"/>
</testsuites>
